[23AC:1D74][2026-10-08T10:23:36]i001: Burn v3.14.0.5722, Windows v10.0 (Build 26300: Service Pack 0), path: C:\Users\ASUS\AppData\Local\Temp\{38D5C21E-C265-4A50-8A86-152AB0599A3F}\.cr\python-3.11.9-amd64.exe
[23AC:1D74][2026-10-08T10:23:36]i000: Initializing string variable 'ActionLikeInstalling' to value 'Installing'
[23AC:1D74][2026-10-08T10:23:36]i000: Initializing string variable 'ActionLikeInstallation' to value 'Setup'
[23AC:1D74][2026-10-08T10:23:36]i000: Initializing string variable 'ShortVersion' to value '3.11'
[23AC:1D74][2026-10-08T10:23:36]i000: Initializing numeric variable 'ShortVersionNoDot' to value '311'
[23AC:1D74][2026-10-08T10:23:36]i000: Initializing string variable 'WinVer' to value '3.11'
[23AC:1D74][2026-10-08T10:23:36]i000: Initializing numeric variable 'WinVerNoDot' to value '311'
[23AC:1D74][2026-10-08T10:23:36]i000: Initializing numeric variable 'InstallAllUsers' to value '0'
[23AC:1D74][2026-10-08T10:23:36]i000: Initializing numeric variable 'InstallLauncherAllUsers' to value '-1'
[23AC:1D74][2026-10-08T10:23:36]i000: Initializing string variable 'TargetDir' to value ''
[23AC:1D74][2026-10-08T10:23:36]i000: Initializing string variable 'DefaultAllUsersTargetDir' to value '[ProgramFiles64Folder]Python[WinVerNoDot]'
[23AC:1D74][2026-10-08T10:23:36]i000: Initializing string variable 'TargetPlatform' to value 'x64'
[23AC:1D74][2026-10-08T10:23:36]i000: Initializing string variable 'DefaultJustForMeTargetDir' to value '[LocalAppDataFolder]Programs\Python\Python[WinVerNoDot]'
[23AC:1D74][2026-10-08T10:23:36]i000: Initializing string variable 'OptionalFeaturesRegistryKey' to value 'Software\Python\PythonCore\[WinVer]\InstalledFeatures'
[23AC:1D74][2026-10-08T10:23:36]i000: Initializing string variable 'TargetDirRegistryKey' to value 'Software\Python\PythonCore\[WinVer]\InstallPath'
[23AC:1D74][2026-10-08T10:23:36]i000: Initializing string variable 'DefaultCustomTargetDir' to value ''
[23AC:1D74][2026-10-08T10:23:36]i000: Initializing string variable 'InstallAllUsersState' to value 'enabled'
[23AC:1D74][2026-10-08T10:23:36]i000: Initializing string variable 'InstallLauncherAllUsersState' to value 'enabled'
[23AC:1D74][2026-10-08T10:23:36]i000: Initializing string variable 'CustomInstallLauncherAllUsersState' to value '[InstallLauncherAllUsersState]'
[23AC:1D74][2026-10-08T10:23:36]i000: Initializing string variable 'TargetDirState' to value 'enabled'
[23AC:1D74][2026-10-08T10:23:36]i000: Initializing string variable 'CustomBrowseButtonState' to value 'enabled'
[23AC:1D74][2026-10-08T10:23:36]i000: Initializing numeric variable 'Include_core' to value '1'
[23AC:1D74][2026-10-08T10:23:36]i000: Initializing numeric variable 'Include_exe' to value '1'
[23AC:1D74][2026-10-08T10:23:36]i000: Initializing numeric variable 'Include_dev' to value '1'
[23AC:1D74][2026-10-08T10:23:36]i000: Initializing numeric variable 'Include_lib' to value '1'
[23AC:1D74][2026-10-08T10:23:36]i000: Initializing numeric variable 'Include_test' to value '1'
[23AC:1D74][2026-10-08T10:23:36]i000: Initializing numeric variable 'Include_doc' to value '1'
[23AC:1D74][2026-10-08T10:23:36]i000: Initializing numeric variable 'Include_tools' to value '1'
[23AC:1D74][2026-10-08T10:23:36]i000: Initializing numeric variable 'Include_tcltk' to value '1'
[23AC:1D74][2026-10-08T10:23:36]i000: Initializing numeric variable 'Include_pip' to value '1'
[23AC:1D74][2026-10-08T10:23:36]i000: Initializing numeric variable 'Include_launcher' to value '-1'
[23AC:1D74][2026-10-08T10:23:36]i000: Initializing string variable 'Include_launcherState' to value 'enabled'
[23AC:1D74][2026-10-08T10:23:36]i000: Initializing numeric variable 'Include_symbols' to value '0'
[23AC:1D74][2026-10-08T10:23:36]i000: Initializing numeric variable 'Include_debug' to value '0'
[23AC:1D74][2026-10-08T10:23:36]i000: Initializing numeric variable 'LauncherOnly' to value '0'
[23AC:1D74][2026-10-08T10:23:36]i000: Initializing numeric variable 'BlockedLauncher' to value '0'
[23AC:1D74][2026-10-08T10:23:36]i000: Initializing numeric variable 'DetectedLauncher' to value '0'
[23AC:1D74][2026-10-08T10:23:36]i000: Initializing numeric variable 'DetectedOldLauncher' to value '0'
[23AC:1D74][2026-10-08T10:23:36]i000: Initializing numeric variable 'AssociateFiles' to value '-1'
[23AC:1D74][2026-10-08T10:23:36]i000: Initializing numeric variable 'Shortcuts' to value '1'
[23AC:1D74][2026-10-08T10:23:36]i000: Initializing numeric variable 'PrependPath' to value '0'
[23AC:1D74][2026-10-08T10:23:36]i000: Initializing numeric variable 'AppendPath' to value '0'
[23AC:1D74][2026-10-08T10:23:36]i000: Initializing numeric variable 'CompileAll' to value '0'
[23AC:1D74][2026-10-08T10:23:36]i000: Initializing numeric variable 'SimpleInstall' to value '0'
[23AC:1D74][2026-10-08T10:23:36]i000: Initializing string variable 'SimpleInstallDescription' to value ''
[23AC:1D74][2026-10-08T10:23:36]i009: Command Line: '-burn.clean.room=C:\Users\ASUS\AppData\Local\Temp\WinGet\Python.Python.3.11.3.11.9\python-3.11.9-amd64.exe -burn.filehandle.attached=776 -burn.filehandle.self=780 /quiet /log C:\Users\ASUS\Desktop\Doc_Query\install.log'
[23AC:1D74][2026-10-08T10:23:36]i000: Setting string variable 'WixBundleOriginalSource' to value 'C:\Users\ASUS\AppData\Local\Temp\WinGet\Python.Python.3.11.3.11.9\python-3.11.9-amd64.exe'
[23AC:1D74][2026-10-08T10:23:36]i000: Setting string variable 'WixBundleOriginalSourceFolder' to value 'C:\Users\ASUS\AppData\Local\Temp\WinGet\Python.Python.3.11.3.11.9\'
[23AC:1D74][2026-10-08T10:23:36]i000: Setting string variable 'WixBundleLog' to value 'C:\Users\ASUS\Desktop\Doc_Query\install.log'
[23AC:1D74][2026-10-08T10:23:36]i000: Setting string variable 'WixBundleName' to value 'Python 3.11.9 (64-bit)'
[23AC:1D74][2026-10-08T10:23:36]i000: Setting string variable 'WixBundleManufacturer' to value 'Python Software Foundation'
[23AC:1D74][2026-10-08T10:23:36]i000: Setting numeric variable 'CRTInstalled' to value 1
[23AC:3B44][2026-10-08T10:23:36]i000: Did not find C:\Users\ASUS\AppData\Local\Temp\WinGet\Python.Python.3.11.3.11.9\unattend.xml
[23AC:3B44][2026-10-08T10:23:36]i000: Setting string variable 'ActionLikeInstalling' to value 'Installing'
[23AC:3B44][2026-10-08T10:23:36]i000: Setting string variable 'ActionLikeInstallation' to value 'Setup'
[23AC:3B44][2026-10-08T10:23:36]i000: Setting version variable 'WixBundleFileVersion' to value '3.11.9150.0'
[23AC:3B44][2026-10-08T10:23:36]i000: Target OS is Windows 10 or later
[23AC:1D74][2026-10-08T10:23:36]i100: Detect begin, 54 packages
[23AC:1D74][2026-10-08T10:23:36]i101: Detected package: ucrt_AllUsers, state: Absent, cached: None
[23AC:1D74][2026-10-08T10:23:36]i101: Detected package: ucrt_JustForMe, state: Absent, cached: None
[23AC:1D74][2026-10-08T10:23:36]i101: Detected package: core_AllUsers, state: Absent, cached: None
[23AC:1D74][2026-10-08T10:23:36]i101: Detected package: core_AllUsers_pdb, state: Absent, cached: None
[23AC:1D74][2026-10-08T10:23:36]i101: Detected package: core_AllUsers_d, state: Absent, cached: None
[23AC:1D74][2026-10-08T10:23:36]i101: Detected package: core_JustForMe, state: Absent, cached: None
[23AC:1D74][2026-10-08T10:23:36]i101: Detected package: core_JustForMe_pdb, state: Absent, cached: None
[23AC:1D74][2026-10-08T10:23:36]i101: Detected package: core_JustForMe_d, state: Absent, cached: None
[23AC:1D74][2026-10-08T10:23:36]i101: Detected package: exe_AllUsers, state: Absent, cached: None
[23AC:1D74][2026-10-08T10:23:36]i104: Detected package: exe_AllUsers, feature: DefaultFeature, state: Absent
[23AC:1D74][2026-10-08T10:23:36]i104: Detected package: exe_AllUsers, feature: Shortcuts, state: Absent
[23AC:1D74][2026-10-08T10:23:36]i101: Detected package: exe_AllUsers_pdb, state: Absent, cached: None
[23AC:1D74][2026-10-08T10:23:36]i101: Detected package: exe_AllUsers_d, state: Absent, cached: None
[23AC:1D74][2026-10-08T10:23:36]i101: Detected package: exe_JustForMe, state: Absent, cached: None
[23AC:1D74][2026-10-08T10:23:36]i104: Detected package: exe_JustForMe, feature: DefaultFeature, state: Absent
[23AC:1D74][2026-10-08T10:23:36]i104: Detected package: exe_JustForMe, feature: Shortcuts, state: Absent
[23AC:1D74][2026-10-08T10:23:36]i101: Detected package: exe_JustForMe_pdb, state: Absent, cached: None
[23AC:1D74][2026-10-08T10:23:36]i101: Detected package: exe_JustForMe_d, state: Absent, cached: None
[23AC:1D74][2026-10-08T10:23:36]i101: Detected package: dev_AllUsers, state: Absent, cached: None
[23AC:1D74][2026-10-08T10:23:36]i101: Detected package: dev_AllUsers_d, state: Absent, cached: None
[23AC:1D74][2026-10-08T10:23:36]i101: Detected package: dev_JustForMe, state: Absent, cached: None
[23AC:1D74][2026-10-08T10:23:36]i101: Detected package: dev_JustForMe_d, state: Absent, cached: None
[23AC:1D74][2026-10-08T10:23:36]i101: Detected package: lib_AllUsers, state: Absent, cached: None
[23AC:1D74][2026-10-08T10:23:36]i101: Detected package: lib_AllUsers_pdb, state: Absent, cached: None
[23AC:1D74][2026-10-08T10:23:36]i101: Detected package: lib_AllUsers_d, state: Absent, cached: None
[23AC:1D74][2026-10-08T10:23:36]i101: Detected package: lib_JustForMe, state: Absent, cached: None
[23AC:1D74][2026-10-08T10:23:36]i101: Detected package: lib_JustForMe_pdb, state: Absent, cached: None
[23AC:1D74][2026-10-08T10:23:36]i101: Detected package: lib_JustForMe_d, state: Absent, cached: None
[23AC:1D74][2026-10-08T10:23:36]i101: Detected package: test_AllUsers, state: Absent, cached: None
[23AC:1D74][2026-10-08T10:23:36]i101: Detected package: test_AllUsers_pdb, state: Absent, cached: None
[23AC:1D74][2026-10-08T10:23:36]i101: Detected package: test_AllUsers_d, state: Absent, cached: None
[23AC:1D74][2026-10-08T10:23:36]i101: Detected package: test_JustForMe, state: Absent, cached: None
[23AC:1D74][2026-10-08T10:23:36]i101: Detected package: test_JustForMe_pdb, state: Absent, cached: None
[23AC:1D74][2026-10-08T10:23:36]i101: Detected package: test_JustForMe_d, state: Absent, cached: None
[23AC:1D74][2026-10-08T10:23:36]i101: Detected package: doc_AllUsers, state: Absent, cached: None
[23AC:1D74][2026-10-08T10:23:36]i104: Detected package: doc_AllUsers, feature: DefaultFeature, state: Absent
[23AC:1D74][2026-10-08T10:23:36]i104: Detected package: doc_AllUsers, feature: Shortcuts, state: Absent
[23AC:1D74][2026-10-08T10:23:36]i101: Detected package: doc_JustForMe, state: Absent, cached: None
[23AC:1D74][2026-10-08T10:23:36]i104: Detected package: doc_JustForMe, feature: DefaultFeature, state: Absent
[23AC:1D74][2026-10-08T10:23:36]i104: Detected package: doc_JustForMe, feature: Shortcuts, state: Absent
[23AC:1D74][2026-10-08T10:23:36]i101: Detected package: tools_AllUsers, state: Absent, cached: None
[23AC:1D74][2026-10-08T10:23:36]i101: Detected package: tools_JustForMe, state: Absent, cached: None
[23AC:1D74][2026-10-08T10:23:36]i101: Detected package: tcltk_AllUsers, state: Absent, cached: None
[23AC:1D74][2026-10-08T10:23:36]i104: Detected package: tcltk_AllUsers, feature: DefaultFeature, state: Absent
[23AC:1D74][2026-10-08T10:23:36]i104: Detected package: tcltk_AllUsers, feature: AssociateFiles, state: Absent
[23AC:1D74][2026-10-08T10:23:36]i104: Detected package: tcltk_AllUsers, feature: Shortcuts, state: Absent
[23AC:1D74][2026-10-08T10:23:36]i101: Detected package: tcltk_AllUsers_pdb, state: Absent, cached: None
[23AC:1D74][2026-10-08T10:23:36]i104: Detected package: tcltk_AllUsers_pdb, feature: Symbols, state: Absent
[23AC:1D74][2026-10-08T10:23:36]i101: Detected package: tcltk_AllUsers_d, state: Absent, cached: None
[23AC:1D74][2026-10-08T10:23:36]i104: Detected package: tcltk_AllUsers_d, feature: DebugBinaries, state: Absent
[23AC:1D74][2026-10-08T10:23:36]i101: Detected package: tcltk_JustForMe, state: Absent, cached: None
[23AC:1D74][2026-10-08T10:23:36]i104: Detected package: tcltk_JustForMe, feature: DefaultFeature, state: Absent
[23AC:1D74][2026-10-08T10:23:36]i104: Detected package: tcltk_JustForMe, feature: AssociateFiles, state: Absent
[23AC:1D74][2026-10-08T10:23:36]i104: Detected package: tcltk_JustForMe, feature: Shortcuts, state: Absent
[23AC:1D74][2026-10-08T10:23:36]i101: Detected package: tcltk_JustForMe_pdb, state: Absent, cached: None
[23AC:1D74][2026-10-08T10:23:36]i104: Detected package: tcltk_JustForMe_pdb, feature: Symbols, state: Absent
[23AC:1D74][2026-10-08T10:23:36]i101: Detected package: tcltk_JustForMe_d, state: Absent, cached: None
[23AC:1D74][2026-10-08T10:23:36]i104: Detected package: tcltk_JustForMe_d, feature: DebugBinaries, state: Absent
[23AC:1D74][2026-10-08T10:23:36]i101: Detected package: launcher_AllUsers, state: Absent, cached: None
[23AC:1D74][2026-10-08T10:23:36]i104: Detected package: launcher_AllUsers, feature: DefaultFeature, state: Absent
[23AC:1D74][2026-10-08T10:23:36]i104: Detected package: launcher_AllUsers, feature: AssociateFiles, state: Absent
[23AC:1D74][2026-10-08T10:23:36]i101: Detected package: launcher_JustForMe, state: Absent, cached: None
[23AC:1D74][2026-10-08T10:23:36]i104: Detected package: launcher_JustForMe, feature: DefaultFeature, state: Absent
[23AC:1D74][2026-10-08T10:23:36]i104: Detected package: launcher_JustForMe, feature: AssociateFiles, state: Absent
[23AC:1D74][2026-10-08T10:23:36]i101: Detected package: pip_AllUsers, state: Absent, cached: None
[23AC:1D74][2026-10-08T10:23:36]i101: Detected package: pip_JustForMe, state: Absent, cached: None
[23AC:1D74][2026-10-08T10:23:36]i101: Detected package: path_AllUsers, state: Absent, cached: None
[23AC:1D74][2026-10-08T10:23:36]i101: Detected package: path_JustForMe, state: Absent, cached: None
[23AC:1D74][2026-10-08T10:23:36]i101: Detected package: appendpath_AllUsers, state: Absent, cached: None
[23AC:1D74][2026-10-08T10:23:36]i101: Detected package: appendpath_JustForMe, state: Absent, cached: None
[23AC:1D74][2026-10-08T10:23:36]i101: Detected package: compileall_AllUsers, state: Absent, cached: None
[23AC:1D74][2026-10-08T10:23:36]i101: Detected package: compileallO_AllUsers, state: Absent, cached: None
[23AC:1D74][2026-10-08T10:23:36]i101: Detected package: compileallOO_AllUsers, state: Absent, cached: None
[23AC:1D74][2026-10-08T10:23:36]i101: Detected package: compileall_JustForMe, state: Absent, cached: None
[23AC:1D74][2026-10-08T10:23:36]i101: Detected package: compileallO_JustForMe, state: Absent, cached: None
[23AC:1D74][2026-10-08T10:23:36]i101: Detected package: compileallOO_JustForMe, state: Absent, cached: None
[23AC:1D74][2026-10-08T10:23:36]i000: Setting numeric variable 'InstallLauncherAllUsers' to value 1
[23AC:1D74][2026-10-08T10:23:36]i000: Setting numeric variable 'Include_launcher' to value 1
[23AC:1D74][2026-10-08T10:23:36]i000: Setting numeric variable 'AssociateFiles' to value -1
[23AC:1D74][2026-10-08T10:23:36]i000: Setting string variable 'TargetDir' to value 'C:\Users\ASUS\AppData\Local\Programs\Python\Python311'
[23AC:1D74][2026-10-08T10:23:36]i199: Detect complete, result: 0x0
[23AC:3B44][2026-10-08T10:23:36]i000: Setting string variable 'ActionLikeInstalling' to value 'Installing'
[23AC:3B44][2026-10-08T10:23:36]i000: Setting string variable 'ActionLikeInstallation' to value 'Setup'
[23AC:1D74][2026-10-08T10:23:36]i200: Plan begin, 54 packages, action: Install
[23AC:1D74][2026-10-08T10:23:36]i052: Condition 'InstallAllUsers and not CRTInstalled and (Include_core or Include_exe or Include_pip) and not LauncherOnly' evaluates to false.
[23AC:1D74][2026-10-08T10:23:36]i052: Condition 'InstallAllUsers and not CRTInstalled and (Include_core or Include_exe or Include_pip) and not LauncherOnly' evaluates to false.
[23AC:1D74][2026-10-08T10:23:36]w322: Skipping cross-scope dependency registration on package: ucrt_AllUsers, bundle scope: PerUser, package scope: PerMachine
[23AC:1D74][2026-10-08T10:23:36]i052: Condition 'not InstallAllUsers and not CRTInstalled and (Include_core or Include_exe or Include_pip) and not LauncherOnly' evaluates to false.
[23AC:1D74][2026-10-08T10:23:36]i052: Condition 'not InstallAllUsers and not CRTInstalled and (Include_core or Include_exe or Include_pip) and not LauncherOnly' evaluates to false.
[23AC:1D74][2026-10-08T10:23:36]i052: Condition 'InstallAllUsers and (Include_core or Include_exe or Include_launcher or Include_pip) and not LauncherOnly' evaluates to false.
[23AC:1D74][2026-10-08T10:23:36]i052: Condition 'InstallAllUsers and (Include_core or Include_exe or Include_launcher or Include_pip) and not LauncherOnly' evaluates to false.
[23AC:1D74][2026-10-08T10:23:36]w322: Skipping cross-scope dependency registration on package: core_AllUsers, bundle scope: PerUser, package scope: PerMachine
[23AC:1D74][2026-10-08T10:23:36]i052: Condition 'InstallAllUsers and (Include_core or Include_exe or Include_launcher or Include_pip) and Include_symbols and not LauncherOnly' evaluates to false.
[23AC:1D74][2026-10-08T10:23:36]i052: Condition 'InstallAllUsers and (Include_core or Include_exe or Include_launcher or Include_pip) and Include_symbols and not LauncherOnly' evaluates to false.
[23AC:1D74][2026-10-08T10:23:36]w322: Skipping cross-scope dependency registration on package: core_AllUsers_pdb, bundle scope: PerUser, package scope: PerMachine
[23AC:1D74][2026-10-08T10:23:36]i052: Condition 'InstallAllUsers and (Include_core or Include_exe or Include_launcher or Include_pip) and Include_debug and not LauncherOnly' evaluates to false.
[23AC:1D74][2026-10-08T10:23:36]i052: Condition 'InstallAllUsers and (Include_core or Include_exe or Include_launcher or Include_pip) and Include_debug and not LauncherOnly' evaluates to false.
[23AC:1D74][2026-10-08T10:23:36]w322: Skipping cross-scope dependency registration on package: core_AllUsers_d, bundle scope: PerUser, package scope: PerMachine
[23AC:1D74][2026-10-08T10:23:36]i052: Condition 'not InstallAllUsers and (Include_core or Include_exe or Include_launcher or Include_pip) and not LauncherOnly' evaluates to true.
[23AC:1D74][2026-10-08T10:23:36]i052: Condition 'not InstallAllUsers and (Include_core or Include_exe or Include_launcher or Include_pip) and not LauncherOnly' evaluates to true.
[23AC:1D74][2026-10-08T10:23:36]i000: Setting string variable 'WixBundleRollbackLog_core_JustForMe' to value 'C:\Users\ASUS\Desktop\Doc_Query\install_000_core_JustForMe_rollback.log'
[23AC:1D74][2026-10-08T10:23:36]i000: Setting string variable 'WixBundleLog_core_JustForMe' to value 'C:\Users\ASUS\Desktop\Doc_Query\install_000_core_JustForMe.log'
[23AC:1D74][2026-10-08T10:23:36]i052: Condition 'not InstallAllUsers and (Include_core or Include_exe or Include_launcher or Include_pip) and Include_symbols and not LauncherOnly' evaluates to false.
[23AC:1D74][2026-10-08T10:23:36]i052: Condition 'not InstallAllUsers and (Include_core or Include_exe or Include_launcher or Include_pip) and Include_symbols and not LauncherOnly' evaluates to false.
[23AC:1D74][2026-10-08T10:23:36]i052: Condition 'not InstallAllUsers and (Include_core or Include_exe or Include_launcher or Include_pip) and Include_debug and not LauncherOnly' evaluates to false.
[23AC:1D74][2026-10-08T10:23:36]i052: Condition 'not InstallAllUsers and (Include_core or Include_exe or Include_launcher or Include_pip) and Include_debug and not LauncherOnly' evaluates to false.
[23AC:1D74][2026-10-08T10:23:36]i052: Condition 'InstallAllUsers and (Include_exe or Include_launcher or Include_pip) and not LauncherOnly' evaluates to false.
[23AC:1D74][2026-10-08T10:23:36]i052: Condition 'InstallAllUsers and (Include_exe or Include_launcher or Include_pip) and not LauncherOnly' evaluates to false.
[23AC:1D74][2026-10-08T10:23:36]i204: Plan 2 msi features for package: exe_AllUsers
[23AC:1D74][2026-10-08T10:23:36]i203: Planned feature: DefaultFeature, state: Absent, default requested: Unknown, ba requested: Local, execute action: AddLocal, rollback action: Remove
[23AC:1D74][2026-10-08T10:23:36]i203: Planned feature: Shortcuts, state: Absent, default requested: Unknown, ba requested: Local, execute action: AddLocal, rollback action: Remove
[23AC:1D74][2026-10-08T10:23:36]w322: Skipping cross-scope dependency registration on package: exe_AllUsers, bundle scope: PerUser, package scope: PerMachine
[23AC:1D74][2026-10-08T10:23:36]i052: Condition 'InstallAllUsers and (Include_exe or Include_launcher or Include_pip) and Include_symbols and not LauncherOnly' evaluates to false.
[23AC:1D74][2026-10-08T10:23:36]i052: Condition 'InstallAllUsers and (Include_exe or Include_launcher or Include_pip) and Include_symbols and not LauncherOnly' evaluates to false.
[23AC:1D74][2026-10-08T10:23:36]w322: Skipping cross-scope dependency registration on package: exe_AllUsers_pdb, bundle scope: PerUser, package scope: PerMachine
[23AC:1D74][2026-10-08T10:23:36]i052: Condition 'InstallAllUsers and (Include_exe or Include_launcher or Include_pip) and Include_debug and not LauncherOnly' evaluates to false.
[23AC:1D74][2026-10-08T10:23:36]i052: Condition 'InstallAllUsers and (Include_exe or Include_launcher or Include_pip) and Include_debug and not LauncherOnly' evaluates to false.
[23AC:1D74][2026-10-08T10:23:36]w322: Skipping cross-scope dependency registration on package: exe_AllUsers_d, bundle scope: PerUser, package scope: PerMachine
[23AC:1D74][2026-10-08T10:23:36]i052: Condition 'not InstallAllUsers and (Include_exe or Include_launcher or Include_pip) and not LauncherOnly' evaluates to true.
[23AC:1D74][2026-10-08T10:23:36]i052: Condition 'not InstallAllUsers and (Include_exe or Include_launcher or Include_pip) and not LauncherOnly' evaluates to true.
[23AC:1D74][2026-10-08T10:23:36]i204: Plan 2 msi features for package: exe_JustForMe
[23AC:1D74][2026-10-08T10:23:36]i203: Planned feature: DefaultFeature, state: Absent, default requested: Unknown, ba requested: Local, execute action: AddLocal, rollback action: Remove
[23AC:1D74][2026-10-08T10:23:36]i203: Planned feature: Shortcuts, state: Absent, default requested: Unknown, ba requested: Local, execute action: AddLocal, rollback action: Remove
[23AC:1D74][2026-10-08T10:23:36]i000: Setting string variable 'WixBundleRollbackLog_exe_JustForMe' to value 'C:\Users\ASUS\Desktop\Doc_Query\install_001_exe_JustForMe_rollback.log'
[23AC:1D74][2026-10-08T10:23:36]i000: Setting string variable 'WixBundleLog_exe_JustForMe' to value 'C:\Users\ASUS\Desktop\Doc_Query\install_001_exe_JustForMe.log'
[23AC:1D74][2026-10-08T10:23:36]i052: Condition 'not InstallAllUsers and (Include_exe or Include_launcher or Include_pip) and Include_symbols and not LauncherOnly' evaluates to false.
[23AC:1D74][2026-10-08T10:23:36]i052: Condition 'not InstallAllUsers and (Include_exe or Include_launcher or Include_pip) and Include_symbols and not LauncherOnly' evaluates to false.
[23AC:1D74][2026-10-08T10:23:36]i052: Condition 'not InstallAllUsers and (Include_exe or Include_launcher or Include_pip) and Include_debug and not LauncherOnly' evaluates to false.
[23AC:1D74][2026-10-08T10:23:36]i052: Condition 'not InstallAllUsers and (Include_exe or Include_launcher or Include_pip) and Include_debug and not LauncherOnly' evaluates to false.
[23AC:1D74][2026-10-08T10:23:36]i052: Condition 'InstallAllUsers and Include_dev and not LauncherOnly' evaluates to false.
[23AC:1D74][2026-10-08T10:23:36]i052: Condition 'InstallAllUsers and Include_dev and not LauncherOnly' evaluates to false.
[23AC:1D74][2026-10-08T10:23:36]w322: Skipping cross-scope dependency registration on package: dev_AllUsers, bundle scope: PerUser, package scope: PerMachine
[23AC:1D74][2026-10-08T10:23:36]i052: Condition 'InstallAllUsers and Include_dev and Include_debug and not LauncherOnly' evaluates to false.
[23AC:1D74][2026-10-08T10:23:36]i052: Condition 'InstallAllUsers and Include_dev and Include_debug and not LauncherOnly' evaluates to false.
[23AC:1D74][2026-10-08T10:23:36]w322: Skipping cross-scope dependency registration on package: dev_AllUsers_d, bundle scope: PerUser, package scope: PerMachine
[23AC:1D74][2026-10-08T10:23:36]i052: Condition 'not InstallAllUsers and Include_dev and not LauncherOnly' evaluates to true.
[23AC:1D74][2026-10-08T10:23:36]i052: Condition 'not InstallAllUsers and Include_dev and not LauncherOnly' evaluates to true.
[23AC:1D74][2026-10-08T10:23:36]i000: Setting string variable 'WixBundleRollbackLog_dev_JustForMe' to value 'C:\Users\ASUS\Desktop\Doc_Query\install_002_dev_JustForMe_rollback.log'
[23AC:1D74][2026-10-08T10:23:36]i000: Setting string variable 'WixBundleLog_dev_JustForMe' to value 'C:\Users\ASUS\Desktop\Doc_Query\install_002_dev_JustForMe.log'
[23AC:1D74][2026-10-08T10:23:36]i052: Condition 'not InstallAllUsers and Include_dev and Include_debug and not LauncherOnly' evaluates to false.
[23AC:1D74][2026-10-08T10:23:36]i052: Condition 'not InstallAllUsers and Include_dev and Include_debug and not LauncherOnly' evaluates to false.
[23AC:1D74][2026-10-08T10:23:36]i052: Condition 'InstallAllUsers and Include_lib and not LauncherOnly' evaluates to false.
[23AC:1D74][2026-10-08T10:23:36]i052: Condition 'InstallAllUsers and Include_lib and not LauncherOnly' evaluates to false.
[23AC:1D74][2026-10-08T10:23:36]w322: Skipping cross-scope dependency registration on package: lib_AllUsers, bundle scope: PerUser, package scope: PerMachine
[23AC:1D74][2026-10-08T10:23:36]i052: Condition 'InstallAllUsers and Include_lib and Include_symbols and not LauncherOnly' evaluates to false.
[23AC:1D74][2026-10-08T10:23:36]i052: Condition 'InstallAllUsers and Include_lib and Include_symbols and not LauncherOnly' evaluates to false.
[23AC:1D74][2026-10-08T10:23:36]w322: Skipping cross-scope dependency registration on package: lib_AllUsers_pdb, bundle scope: PerUser, package scope: PerMachine
[23AC:1D74][2026-10-08T10:23:36]i052: Condition 'InstallAllUsers and Include_lib and Include_debug and not LauncherOnly' evaluates to false.
[23AC:1D74][2026-10-08T10:23:36]i052: Condition 'InstallAllUsers and Include_lib and Include_debug and not LauncherOnly' evaluates to false.
[23AC:1D74][2026-10-08T10:23:36]w322: Skipping cross-scope dependency registration on package: lib_AllUsers_d, bundle scope: PerUser, package scope: PerMachine
[23AC:1D74][2026-10-08T10:23:36]i052: Condition 'not InstallAllUsers and Include_lib and not LauncherOnly' evaluates to true.
[23AC:1D74][2026-10-08T10:23:36]i052: Condition 'not InstallAllUsers and Include_lib and not LauncherOnly' evaluates to true.
[23AC:1D74][2026-10-08T10:23:36]i000: Setting string variable 'WixBundleRollbackLog_lib_JustForMe' to value 'C:\Users\ASUS\Desktop\Doc_Query\install_003_lib_JustForMe_rollback.log'
[23AC:1D74][2026-10-08T10:23:36]i000: Setting string variable 'WixBundleLog_lib_JustForMe' to value 'C:\Users\ASUS\Desktop\Doc_Query\install_003_lib_JustForMe.log'
[23AC:1D74][2026-10-08T10:23:36]i052: Condition 'not InstallAllUsers and Include_lib and Include_symbols and not LauncherOnly' evaluates to false.
[23AC:1D74][2026-10-08T10:23:36]i052: Condition 'not InstallAllUsers and Include_lib and Include_symbols and not LauncherOnly' evaluates to false.
[23AC:1D74][2026-10-08T10:23:36]i052: Condition 'not InstallAllUsers and Include_lib and Include_debug and not LauncherOnly' evaluates to false.
[23AC:1D74][2026-10-08T10:23:36]i052: Condition 'not InstallAllUsers and Include_lib and Include_debug and not LauncherOnly' evaluates to false.
[23AC:1D74][2026-10-08T10:23:36]i052: Condition 'InstallAllUsers and Include_test and not LauncherOnly' evaluates to false.
[23AC:1D74][2026-10-08T10:23:36]i052: Condition 'InstallAllUsers and Include_test and not LauncherOnly' evaluates to false.
[23AC:1D74][2026-10-08T10:23:36]w322: Skipping cross-scope dependency registration on package: test_AllUsers, bundle scope: PerUser, package scope: PerMachine
[23AC:1D74][2026-10-08T10:23:36]i052: Condition 'InstallAllUsers and Include_test and Include_symbols and not LauncherOnly' evaluates to false.
[23AC:1D74][2026-10-08T10:23:36]i052: Condition 'InstallAllUsers and Include_test and Include_symbols and not LauncherOnly' evaluates to false.
[23AC:1D74][2026-10-08T10:23:36]w322: Skipping cross-scope dependency registration on package: test_AllUsers_pdb, bundle scope: PerUser, package scope: PerMachine
[23AC:1D74][2026-10-08T10:23:36]i052: Condition 'InstallAllUsers and Include_test and Include_debug and not LauncherOnly' evaluates to false.
[23AC:1D74][2026-10-08T10:23:36]i052: Condition 'InstallAllUsers and Include_test and Include_debug and not LauncherOnly' evaluates to false.
[23AC:1D74][2026-10-08T10:23:36]w322: Skipping cross-scope dependency registration on package: test_AllUsers_d, bundle scope: PerUser, package scope: PerMachine
[23AC:1D74][2026-10-08T10:23:36]i052: Condition 'not InstallAllUsers and Include_test and not LauncherOnly' evaluates to true.
[23AC:1D74][2026-10-08T10:23:36]i052: Condition 'not InstallAllUsers and Include_test and not LauncherOnly' evaluates to true.
[23AC:1D74][2026-10-08T10:23:36]i000: Setting string variable 'WixBundleRollbackLog_test_JustForMe' to value 'C:\Users\ASUS\Desktop\Doc_Query\install_004_test_JustForMe_rollback.log'
[23AC:1D74][2026-10-08T10:23:36]i000: Setting string variable 'WixBundleLog_test_JustForMe' to value 'C:\Users\ASUS\Desktop\Doc_Query\install_004_test_JustForMe.log'
[23AC:1D74][2026-10-08T10:23:36]i052: Condition 'not InstallAllUsers and Include_test and Include_symbols and not LauncherOnly' evaluates to false.
[23AC:1D74][2026-10-08T10:23:36]i052: Condition 'not InstallAllUsers and Include_test and Include_symbols and not LauncherOnly' evaluates to false.
[23AC:1D74][2026-10-08T10:23:36]i052: Condition 'not InstallAllUsers and Include_test and Include_debug and not LauncherOnly' evaluates to false.
[23AC:1D74][2026-10-08T10:23:36]i052: Condition 'not InstallAllUsers and Include_test and Include_debug and not LauncherOnly' evaluates to false.
[23AC:1D74][2026-10-08T10:23:36]i052: Condition 'InstallAllUsers and Include_doc and not LauncherOnly' evaluates to false.
[23AC:1D74][2026-10-08T10:23:36]i052: Condition 'InstallAllUsers and Include_doc and not LauncherOnly' evaluates to false.
[23AC:1D74][2026-10-08T10:23:36]i204: Plan 2 msi features for package: doc_AllUsers
[23AC:1D74][2026-10-08T10:23:36]i203: Planned feature: DefaultFeature, state: Absent, default requested: Unknown, ba requested: Local, execute action: AddLocal, rollback action: Remove
[23AC:1D74][2026-10-08T10:23:36]i203: Planned feature: Shortcuts, state: Absent, default requested: Unknown, ba requested: Local, execute action: AddLocal, rollback action: Remove
[23AC:1D74][2026-10-08T10:23:36]w322: Skipping cross-scope dependency registration on package: doc_AllUsers, bundle scope: PerUser, package scope: PerMachine
[23AC:1D74][2026-10-08T10:23:36]i052: Condition 'not InstallAllUsers and Include_doc and not LauncherOnly' evaluates to true.
[23AC:1D74][2026-10-08T10:23:36]i052: Condition 'not InstallAllUsers and Include_doc and not LauncherOnly' evaluates to true.
[23AC:1D74][2026-10-08T10:23:36]i204: Plan 2 msi features for package: doc_JustForMe
[23AC:1D74][2026-10-08T10:23:36]i203: Planned feature: DefaultFeature, state: Absent, default requested: Unknown, ba requested: Local, execute action: AddLocal, rollback action: Remove
[23AC:1D74][2026-10-08T10:23:36]i203: Planned feature: Shortcuts, state: Absent, default requested: Unknown, ba requested: Local, execute action: AddLocal, rollback action: Remove
[23AC:1D74][2026-10-08T10:23:36]i000: Setting string variable 'WixBundleRollbackLog_doc_JustForMe' to value 'C:\Users\ASUS\Desktop\Doc_Query\install_005_doc_JustForMe_rollback.log'
[23AC:1D74][2026-10-08T10:23:36]i000: Setting string variable 'WixBundleLog_doc_JustForMe' to value 'C:\Users\ASUS\Desktop\Doc_Query\install_005_doc_JustForMe.log'
[23AC:1D74][2026-10-08T10:23:36]i052: Condition 'InstallAllUsers and Include_tools and not LauncherOnly' evaluates to false.
[23AC:1D74][2026-10-08T10:23:36]i052: Condition 'InstallAllUsers and Include_tools and not LauncherOnly' evaluates to false.
[23AC:1D74][2026-10-08T10:23:36]w322: Skipping cross-scope dependency registration on package: tools_AllUsers, bundle scope: PerUser, package scope: PerMachine
[23AC:1D74][2026-10-08T10:23:36]i052: Condition 'not InstallAllUsers and Include_tools and not LauncherOnly' evaluates to true.
[23AC:1D74][2026-10-08T10:23:36]i052: Condition 'not InstallAllUsers and Include_tools and not LauncherOnly' evaluates to true.
[23AC:1D74][2026-10-08T10:23:36]i000: Setting string variable 'WixBundleRollbackLog_tools_JustForMe' to value 'C:\Users\ASUS\Desktop\Doc_Query\install_006_tools_JustForMe_rollback.log'
[23AC:1D74][2026-10-08T10:23:36]i000: Setting string variable 'WixBundleLog_tools_JustForMe' to value 'C:\Users\ASUS\Desktop\Doc_Query\install_006_tools_JustForMe.log'
[23AC:1D74][2026-10-08T10:23:36]i052: Condition 'InstallAllUsers and Include_tcltk and not LauncherOnly' evaluates to false.
[23AC:1D74][2026-10-08T10:23:36]i052: Condition 'InstallAllUsers and Include_tcltk and not LauncherOnly' evaluates to false.
[23AC:1D74][2026-10-08T10:23:36]i204: Plan 3 msi features for package: tcltk_AllUsers
[23AC:1D74][2026-10-08T10:23:36]i203: Planned feature: DefaultFeature, state: Absent, default requested: Unknown, ba requested: Local, execute action: AddLocal, rollback action: Remove
[23AC:1D74][2026-10-08T10:23:36]i203: Planned feature: AssociateFiles, state: Absent, default requested: Unknown, ba requested: Local, execute action: AddLocal, rollback action: Remove
[23AC:1D74][2026-10-08T10:23:36]i203: Planned feature: Shortcuts, state: Absent, default requested: Unknown, ba requested: Local, execute action: AddLocal, rollback action: Remove
[23AC:1D74][2026-10-08T10:23:36]w322: Skipping cross-scope dependency registration on package: tcltk_AllUsers, bundle scope: PerUser, package scope: PerMachine
[23AC:1D74][2026-10-08T10:23:36]i052: Condition 'InstallAllUsers and Include_tcltk and Include_symbols and not LauncherOnly' evaluates to false.
[23AC:1D74][2026-10-08T10:23:36]i052: Condition 'InstallAllUsers and Include_tcltk and Include_symbols and not LauncherOnly' evaluates to false.
[23AC:1D74][2026-10-08T10:23:36]i204: Plan 1 msi features for package: tcltk_AllUsers_pdb
[23AC:1D74][2026-10-08T10:23:36]i203: Planned feature: Symbols, state: Absent, default requested: Unknown, ba requested: Local, execute action: AddLocal, rollback action: Remove
[23AC:1D74][2026-10-08T10:23:36]w322: Skipping cross-scope dependency registration on package: tcltk_AllUsers_pdb, bundle scope: PerUser, package scope: PerMachine
[23AC:1D74][2026-10-08T10:23:36]i052: Condition 'InstallAllUsers and Include_tcltk and Include_debug and not LauncherOnly' evaluates to false.
[23AC:1D74][2026-10-08T10:23:36]i052: Condition 'InstallAllUsers and Include_tcltk and Include_debug and not LauncherOnly' evaluates to false.
[23AC:1D74][2026-10-08T10:23:36]i204: Plan 1 msi features for package: tcltk_AllUsers_d
[23AC:1D74][2026-10-08T10:23:36]i203: Planned feature: DebugBinaries, state: Absent, default requested: Unknown, ba requested: Local, execute action: AddLocal, rollback action: Remove
[23AC:1D74][2026-10-08T10:23:36]w322: Skipping cross-scope dependency registration on package: tcltk_AllUsers_d, bundle scope: PerUser, package scope: PerMachine
[23AC:1D74][2026-10-08T10:23:36]i052: Condition 'not InstallAllUsers and Include_tcltk and not LauncherOnly' evaluates to true.
[23AC:1D74][2026-10-08T10:23:36]i052: Condition 'not InstallAllUsers and Include_tcltk and not LauncherOnly' evaluates to true.
[23AC:1D74][2026-10-08T10:23:36]i204: Plan 3 msi features for package: tcltk_JustForMe
[23AC:1D74][2026-10-08T10:23:36]i203: Planned feature: DefaultFeature, state: Absent, default requested: Unknown, ba requested: Local, execute action: AddLocal, rollback action: Remove
[23AC:1D74][2026-10-08T10:23:36]i203: Planned feature: AssociateFiles, state: Absent, default requested: Unknown, ba requested: Local, execute action: AddLocal, rollback action: Remove
[23AC:1D74][2026-10-08T10:23:36]i203: Planned feature: Shortcuts, state: Absent, default requested: Unknown, ba requested: Local, execute action: AddLocal, rollback action: Remove
[23AC:1D74][2026-10-08T10:23:36]i000: Setting string variable 'WixBundleRollbackLog_tcltk_JustForMe' to value 'C:\Users\ASUS\Desktop\Doc_Query\install_007_tcltk_JustForMe_rollback.log'
[23AC:1D74][2026-10-08T10:23:36]i000: Setting string variable 'WixBundleLog_tcltk_JustForMe' to value 'C:\Users\ASUS\Desktop\Doc_Query\install_007_tcltk_JustForMe.log'
[23AC:1D74][2026-10-08T10:23:36]i052: Condition 'not InstallAllUsers and Include_tcltk and Include_symbols and not LauncherOnly' evaluates to false.
[23AC:1D74][2026-10-08T10:23:36]i052: Condition 'not InstallAllUsers and Include_tcltk and Include_symbols and not LauncherOnly' evaluates to false.
[23AC:1D74][2026-10-08T10:23:36]i204: Plan 1 msi features for package: tcltk_JustForMe_pdb
[23AC:1D74][2026-10-08T10:23:36]i203: Planned feature: Symbols, state: Absent, default requested: Unknown, ba requested: Local, execute action: AddLocal, rollback action: Remove
[23AC:1D74][2026-10-08T10:23:36]i052: Condition 'not InstallAllUsers and Include_tcltk and Include_debug and not LauncherOnly' evaluates to false.
[23AC:1D74][2026-10-08T10:23:36]i052: Condition 'not InstallAllUsers and Include_tcltk and Include_debug and not LauncherOnly' evaluates to false.
[23AC:1D74][2026-10-08T10:23:36]i204: Plan 1 msi features for package: tcltk_JustForMe_d
[23AC:1D74][2026-10-08T10:23:36]i203: Planned feature: DebugBinaries, state: Absent, default requested: Unknown, ba requested: Local, execute action: AddLocal, rollback action: Remove
[23AC:1D74][2026-10-08T10:23:36]i052: Condition '(InstallAllUsers or InstallLauncherAllUsers) and Include_launcher and not DetectedLauncher' evaluates to true.
[23AC:1D74][2026-10-08T10:23:36]i052: Condition '(InstallAllUsers or InstallLauncherAllUsers) and Include_launcher and not DetectedLauncher' evaluates to true.
[23AC:1D74][2026-10-08T10:23:36]i204: Plan 2 msi features for package: launcher_AllUsers
[23AC:1D74][2026-10-08T10:23:36]i203: Planned feature: DefaultFeature, state: Absent, default requested: Unknown, ba requested: Local, execute action: AddLocal, rollback action: Remove
[23AC:1D74][2026-10-08T10:23:36]i203: Planned feature: AssociateFiles, state: Absent, default requested: Unknown, ba requested: Local, execute action: AddLocal, rollback action: Remove
[23AC:1D74][2026-10-08T10:23:36]w322: Skipping cross-scope dependency registration on package: launcher_AllUsers, bundle scope: PerUser, package scope: PerMachine
[23AC:1D74][2026-10-08T10:23:36]i000: Setting string variable 'WixBundleLog_launcher_AllUsers' to value 'C:\Users\ASUS\Desktop\Doc_Query\install_008_launcher_AllUsers.log'
[23AC:1D74][2026-10-08T10:23:36]i052: Condition 'not (InstallAllUsers or InstallLauncherAllUsers) and Include_launcher and not DetectedLauncher' evaluates to false.
[23AC:1D74][2026-10-08T10:23:36]i052: Condition 'not (InstallAllUsers or InstallLauncherAllUsers) and Include_launcher and not DetectedLauncher' evaluates to false.
[23AC:1D74][2026-10-08T10:23:36]i204: Plan 2 msi features for package: launcher_JustForMe
[23AC:1D74][2026-10-08T10:23:36]i203: Planned feature: DefaultFeature, state: Absent, default requested: Unknown, ba requested: Local, execute action: AddLocal, rollback action: Remove
[23AC:1D74][2026-10-08T10:23:36]i203: Planned feature: AssociateFiles, state: Absent, default requested: Unknown, ba requested: Local, execute action: AddLocal, rollback action: Remove
[23AC:1D74][2026-10-08T10:23:36]i052: Condition 'InstallAllUsers and Include_pip and not LauncherOnly' evaluates to false.
[23AC:1D74][2026-10-08T10:23:36]i052: Condition 'InstallAllUsers and Include_pip and not LauncherOnly' evaluates to false.
[23AC:1D74][2026-10-08T10:23:36]w322: Skipping cross-scope dependency registration on package: pip_AllUsers, bundle scope: PerUser, package scope: PerMachine
[23AC:1D74][2026-10-08T10:23:36]i052: Condition 'not InstallAllUsers and Include_pip and not LauncherOnly' evaluates to true.
[23AC:1D74][2026-10-08T10:23:36]i052: Condition 'not InstallAllUsers and Include_pip and not LauncherOnly' evaluates to true.
[23AC:1D74][2026-10-08T10:23:36]i000: Setting string variable 'WixBundleRollbackLog_pip_JustForMe' to value 'C:\Users\ASUS\Desktop\Doc_Query\install_009_pip_JustForMe_rollback.log'
[23AC:1D74][2026-10-08T10:23:36]i000: Setting string variable 'WixBundleLog_pip_JustForMe' to value 'C:\Users\ASUS\Desktop\Doc_Query\install_009_pip_JustForMe.log'
[23AC:1D74][2026-10-08T10:23:36]i052: Condition 'InstallAllUsers and PrependPath and not LauncherOnly' evaluates to false.
[23AC:1D74][2026-10-08T10:23:36]i052: Condition 'InstallAllUsers and PrependPath and not LauncherOnly' evaluates to false.
[23AC:1D74][2026-10-08T10:23:36]w322: Skipping cross-scope dependency registration on package: path_AllUsers, bundle scope: PerUser, package scope: PerMachine
[23AC:1D74][2026-10-08T10:23:36]i052: Condition 'not InstallAllUsers and PrependPath and not LauncherOnly' evaluates to false.
[23AC:1D74][2026-10-08T10:23:36]i052: Condition 'not InstallAllUsers and PrependPath and not LauncherOnly' evaluates to false.
[23AC:1D74][2026-10-08T10:23:36]i052: Condition 'InstallAllUsers and AppendPath and not LauncherOnly' evaluates to false.
[23AC:1D74][2026-10-08T10:23:36]i052: Condition 'InstallAllUsers and AppendPath and not LauncherOnly' evaluates to false.
[23AC:1D74][2026-10-08T10:23:36]w322: Skipping cross-scope dependency registration on package: appendpath_AllUsers, bundle scope: PerUser, package scope: PerMachine
[23AC:1D74][2026-10-08T10:23:36]i052: Condition 'not InstallAllUsers and AppendPath and not LauncherOnly' evaluates to false.
[23AC:1D74][2026-10-08T10:23:36]i052: Condition 'not InstallAllUsers and AppendPath and not LauncherOnly' evaluates to false.
[23AC:1D74][2026-10-08T10:23:36]i052: Condition 'InstallAllUsers and CompileAll and not LauncherOnly' evaluates to false.
[23AC:1D74][2026-10-08T10:23:36]i052: Condition 'InstallAllUsers and CompileAll and not LauncherOnly' evaluates to false.
[23AC:1D74][2026-10-08T10:23:36]w321: Skipping dependency registration on package with no dependency providers: compileall_AllUsers
[23AC:1D74][2026-10-08T10:23:36]i052: Condition 'InstallAllUsers and CompileAll and not LauncherOnly' evaluates to false.
[23AC:1D74][2026-10-08T10:23:36]i052: Condition 'InstallAllUsers and CompileAll and not LauncherOnly' evaluates to false.
[23AC:1D74][2026-10-08T10:23:36]w321: Skipping dependency registration on package with no dependency providers: compileallO_AllUsers
[23AC:1D74][2026-10-08T10:23:36]i052: Condition 'InstallAllUsers and CompileAll and not LauncherOnly' evaluates to false.
[23AC:1D74][2026-10-08T10:23:36]i052: Condition 'InstallAllUsers and CompileAll and not LauncherOnly' evaluates to false.
[23AC:1D74][2026-10-08T10:23:36]w321: Skipping dependency registration on package with no dependency providers: compileallOO_AllUsers
[23AC:1D74][2026-10-08T10:23:36]i052: Condition 'not InstallAllUsers and CompileAll and not LauncherOnly' evaluates to false.
[23AC:1D74][2026-10-08T10:23:36]i052: Condition 'not InstallAllUsers and CompileAll and not LauncherOnly' evaluates to false.
[23AC:1D74][2026-10-08T10:23:36]w321: Skipping dependency registration on package with no dependency providers: compileall_JustForMe
[23AC:1D74][2026-10-08T10:23:36]i052: Condition 'not InstallAllUsers and CompileAll and not LauncherOnly' evaluates to false.
[23AC:1D74][2026-10-08T10:23:36]i052: Condition 'not InstallAllUsers and CompileAll and not LauncherOnly' evaluates to false.
[23AC:1D74][2026-10-08T10:23:36]w321: Skipping dependency registration on package with no dependency providers: compileallO_JustForMe
[23AC:1D74][2026-10-08T10:23:36]i052: Condition 'not InstallAllUsers and CompileAll and not LauncherOnly' evaluates to false.
[23AC:1D74][2026-10-08T10:23:36]i052: Condition 'not InstallAllUsers and CompileAll and not LauncherOnly' evaluates to false.
[23AC:1D74][2026-10-08T10:23:36]w321: Skipping dependency registration on package with no dependency providers: compileallOO_JustForMe
[23AC:1D74][2026-10-08T10:23:36]i201: Planned package: ucrt_AllUsers, state: Absent, default requested: Absent, ba requested: Absent, execute: None, rollback: None, cache: No, uncache: No, dependency: None
[23AC:1D74][2026-10-08T10:23:36]i201: Planned package: ucrt_JustForMe, state: Absent, default requested: Absent, ba requested: Absent, execute: None, rollback: None, cache: No, uncache: No, dependency: None
[23AC:1D74][2026-10-08T10:23:36]i201: Planned package: core_AllUsers, state: Absent, default requested: Absent, ba requested: Absent, execute: None, rollback: None, cache: No, uncache: No, dependency: None
[23AC:1D74][2026-10-08T10:23:36]i201: Planned package: core_AllUsers_pdb, state: Absent, default requested: Absent, ba requested: Absent, execute: None, rollback: None, cache: No, uncache: No, dependency: None
[23AC:1D74][2026-10-08T10:23:36]i201: Planned package: core_AllUsers_d, state: Absent, default requested: Absent, ba requested: Absent, execute: None, rollback: None, cache: No, uncache: No, dependency: None
[23AC:1D74][2026-10-08T10:23:36]i201: Planned package: core_JustForMe, state: Absent, default requested: Present, ba requested: Present, execute: Install, rollback: Uninstall, cache: Yes, uncache: No, dependency: Register
[23AC:1D74][2026-10-08T10:23:36]i201: Planned package: core_JustForMe_pdb, state: Absent, default requested: Absent, ba requested: Absent, execute: None, rollback: None, cache: No, uncache: No, dependency: None
[23AC:1D74][2026-10-08T10:23:36]i201: Planned package: core_JustForMe_d, state: Absent, default requested: Absent, ba requested: Absent, execute: None, rollback: None, cache: No, uncache: No, dependency: None
[23AC:1D74][2026-10-08T10:23:36]i201: Planned package: exe_AllUsers, state: Absent, default requested: Absent, ba requested: Absent, execute: None, rollback: None, cache: No, uncache: No, dependency: None
[23AC:1D74][2026-10-08T10:23:36]i201: Planned package: exe_AllUsers_pdb, state: Absent, default requested: Absent, ba requested: Absent, execute: None, rollback: None, cache: No, uncache: No, dependency: None
[23AC:1D74][2026-10-08T10:23:36]i201: Planned package: exe_AllUsers_d, state: Absent, default requested: Absent, ba requested: Absent, execute: None, rollback: None, cache: No, uncache: No, dependency: None
[23AC:1D74][2026-10-08T10:23:36]i201: Planned package: exe_JustForMe, state: Absent, default requested: Present, ba requested: Present, execute: Install, rollback: Uninstall, cache: Yes, uncache: No, dependency: Register
[23AC:1D74][2026-10-08T10:23:36]i201: Planned package: exe_JustForMe_pdb, state: Absent, default requested: Absent, ba requested: Absent, execute: None, rollback: None, cache: No, uncache: No, dependency: None
[23AC:1D74][2026-10-08T10:23:36]i201: Planned package: exe_JustForMe_d, state: Absent, default requested: Absent, ba requested: Absent, execute: None, rollback: None, cache: No, uncache: No, dependency: None
[23AC:1D74][2026-10-08T10:23:36]i201: Planned package: dev_AllUsers, state: Absent, default requested: Absent, ba requested: Absent, execute: None, rollback: None, cache: No, uncache: No, dependency: None
[23AC:1D74][2026-10-08T10:23:36]i201: Planned package: dev_AllUsers_d, state: Absent, default requested: Absent, ba requested: Absent, execute: None, rollback: None, cache: No, uncache: No, dependency: None
[23AC:1D74][2026-10-08T10:23:36]i201: Planned package: dev_JustForMe, state: Absent, default requested: Present, ba requested: Present, execute: Install, rollback: Uninstall, cache: Yes, uncache: No, dependency: Register
[23AC:1D74][2026-10-08T10:23:36]i201: Planned package: dev_JustForMe_d, state: Absent, default requested: Absent, ba requested: Absent, execute: None, rollback: None, cache: No, uncache: No, dependency: None
[23AC:1D74][2026-10-08T10:23:36]i201: Planned package: lib_AllUsers, state: Absent, default requested: Absent, ba requested: Absent, execute: None, rollback: None, cache: No, uncache: No, dependency: None
[23AC:1D74][2026-10-08T10:23:36]i201: Planned package: lib_AllUsers_pdb, state: Absent, default requested: Absent, ba requested: Absent, execute: None, rollback: None, cache: No, uncache: No, dependency: None
[23AC:1D74][2026-10-08T10:23:36]i201: Planned package: lib_AllUsers_d, state: Absent, default requested: Absent, ba requested: Absent, execute: None, rollback: None, cache: No, uncache: No, dependency: None
[23AC:1D74][2026-10-08T10:23:36]i201: Planned package: lib_JustForMe, state: Absent, default requested: Present, ba requested: Present, execute: Install, rollback: Uninstall, cache: Yes, uncache: No, dependency: Register
[23AC:1D74][2026-10-08T10:23:36]i201: Planned package: lib_JustForMe_pdb, state: Absent, default requested: Absent, ba requested: Absent, execute: None, rollback: None, cache: No, uncache: No, dependency: None
[23AC:1D74][2026-10-08T10:23:36]i201: Planned package: lib_JustForMe_d, state: Absent, default requested: Absent, ba requested: Absent, execute: None, rollback: None, cache: No, uncache: No, dependency: None
[23AC:1D74][2026-10-08T10:23:36]i201: Planned package: test_AllUsers, state: Absent, default requested: Absent, ba requested: Absent, execute: None, rollback: None, cache: No, uncache: No, dependency: None
[23AC:1D74][2026-10-08T10:23:36]i201: Planned package: test_AllUsers_pdb, state: Absent, default requested: Absent, ba requested: Absent, execute: None, rollback: None, cache: No, uncache: No, dependency: None
[23AC:1D74][2026-10-08T10:23:36]i201: Planned package: test_AllUsers_d, state: Absent, default requested: Absent, ba requested: Absent, execute: None, rollback: None, cache: No, uncache: No, dependency: None
[23AC:1D74][2026-10-08T10:23:36]i201: Planned package: test_JustForMe, state: Absent, default requested: Present, ba requested: Present, execute: Install, rollback: Uninstall, cache: Yes, uncache: No, dependency: Register
[23AC:1D74][2026-10-08T10:23:36]i201: Planned package: test_JustForMe_pdb, state: Absent, default requested: Absent, ba requested: Absent, execute: None, rollback: None, cache: No, uncache: No, dependency: None
[23AC:1D74][2026-10-08T10:23:36]i201: Planned package: test_JustForMe_d, state: Absent, default requested: Absent, ba requested: Absent, execute: None, rollback: None, cache: No, uncache: No, dependency: None
[23AC:1D74][2026-10-08T10:23:36]i201: Planned package: doc_AllUsers, state: Absent, default requested: Absent, ba requested: Absent, execute: None, rollback: None, cache: No, uncache: No, dependency: None
[23AC:1D74][2026-10-08T10:23:36]i201: Planned package: doc_JustForMe, state: Absent, default requested: Present, ba requested: Present, execute: Install, rollback: Uninstall, cache: Yes, uncache: No, dependency: Register
[23AC:1D74][2026-10-08T10:23:36]i201: Planned package: tools_AllUsers, state: Absent, default requested: Absent, ba requested: Absent, execute: None, rollback: None, cache: No, uncache: No, dependency: None
[23AC:1D74][2026-10-08T10:23:36]i201: Planned package: tools_JustForMe, state: Absent, default requested: Present, ba requested: Present, execute: Install, rollback: Uninstall, cache: Yes, uncache: No, dependency: Register
[23AC:1D74][2026-10-08T10:23:36]i201: Planned package: tcltk_AllUsers, state: Absent, default requested: Absent, ba requested: Absent, execute: None, rollback: None, cache: No, uncache: No, dependency: None
[23AC:1D74][2026-10-08T10:23:36]i201: Planned package: tcltk_AllUsers_pdb, state: Absent, default requested: Absent, ba requested: Absent, execute: None, rollback: None, cache: No, uncache: No, dependency: None
[23AC:1D74][2026-10-08T10:23:36]i201: Planned package: tcltk_AllUsers_d, state: Absent, default requested: Absent, ba requested: Absent, execute: None, rollback: None, cache: No, uncache: No, dependency: None
[23AC:1D74][2026-10-08T10:23:36]i201: Planned package: tcltk_JustForMe, state: Absent, default requested: Present, ba requested: Present, execute: Install, rollback: Uninstall, cache: Yes, uncache: No, dependency: Register
[23AC:1D74][2026-10-08T10:23:36]i201: Planned package: tcltk_JustForMe_pdb, state: Absent, default requested: Absent, ba requested: Absent, execute: None, rollback: None, cache: No, uncache: No, dependency: None
[23AC:1D74][2026-10-08T10:23:36]i201: Planned package: tcltk_JustForMe_d, state: Absent, default requested: Absent, ba requested: Absent, execute: None, rollback: None, cache: No, uncache: No, dependency: None
[23AC:1D74][2026-10-08T10:23:36]i201: Planned package: launcher_AllUsers, state: Absent, default requested: Present, ba requested: Present, execute: Install, rollback: None, cache: Yes, uncache: No, dependency: None
[23AC:1D74][2026-10-08T10:23:36]i201: Planned package: launcher_JustForMe, state: Absent, default requested: Absent, ba requested: Absent, execute: None, rollback: None, cache: No, uncache: No, dependency: None
[23AC:1D74][2026-10-08T10:23:36]i201: Planned package: pip_AllUsers, state: Absent, default requested: Absent, ba requested: Absent, execute: None, rollback: None, cache: No, uncache: No, dependency: None
[23AC:1D74][2026-10-08T10:23:36]i201: Planned package: pip_JustForMe, state: Absent, default requested: Present, ba requested: Present, execute: Install, rollback: Uninstall, cache: Yes, uncache: No, dependency: Register
[23AC:1D74][2026-10-08T10:23:36]i201: Planned package: path_AllUsers, state: Absent, default requested: Absent, ba requested: Absent, execute: None, rollback: None, cache: No, uncache: No, dependency: None
[23AC:1D74][2026-10-08T10:23:36]i201: Planned package: path_JustForMe, state: Absent, default requested: Absent, ba requested: Absent, execute: None, rollback: None, cache: No, uncache: No, dependency: None
[23AC:1D74][2026-10-08T10:23:36]i201: Planned package: appendpath_AllUsers, state: Absent, default requested: Absent, ba requested: Absent, execute: None, rollback: None, cache: No, uncache: No, dependency: None
[23AC:1D74][2026-10-08T10:23:36]i201: Planned package: appendpath_JustForMe, state: Absent, default requested: Absent, ba requested: Absent, execute: None, rollback: None, cache: No, uncache: No, dependency: None
[23AC:1D74][2026-10-08T10:23:36]i201: Planned package: compileall_AllUsers, state: Absent, default requested: Absent, ba requested: Absent, execute: None, rollback: None, cache: No, uncache: No, dependency: None
[23AC:1D74][2026-10-08T10:23:36]i201: Planned package: compileallO_AllUsers, state: Absent, default requested: Absent, ba requested: Absent, execute: None, rollback: None, cache: No, uncache: No, dependency: None
[23AC:1D74][2026-10-08T10:23:36]i201: Planned package: compileallOO_AllUsers, state: Absent, default requested: Absent, ba requested: Absent, execute: None, rollback: None, cache: No, uncache: No, dependency: None
[23AC:1D74][2026-10-08T10:23:36]i201: Planned package: compileall_JustForMe, state: Absent, default requested: Absent, ba requested: Absent, execute: None, rollback: None, cache: No, uncache: No, dependency: None
[23AC:1D74][2026-10-08T10:23:36]i201: Planned package: compileallO_JustForMe, state: Absent, default requested: Absent, ba requested: Absent, execute: None, rollback: None, cache: No, uncache: No, dependency: None
[23AC:1D74][2026-10-08T10:23:36]i201: Planned package: compileallOO_JustForMe, state: Absent, default requested: Absent, ba requested: Absent, execute: None, rollback: None, cache: No, uncache: No, dependency: None
[23AC:1D74][2026-10-08T10:23:36]i299: Plan complete, result: 0x0
[23AC:1D74][2026-10-08T10:23:36]i300: Apply begin
[23AC:1D74][2026-10-08T10:23:36]i010: Launching elevated engine process.
[23AC:1D74][2026-10-08T10:23:36]e000: Error 0x80070032: Failed to launch elevated child process: C:\Users\ASUS\AppData\Local\Temp\{BCC68E05-B969-4067-BCF0-78286D2019A2}\.be\python-3.11.9-amd64.exe
[23AC:1D74][2026-10-08T10:23:36]e000: Error 0x80070032: Failed to elevate.
[23AC:1D74][2026-10-08T10:23:36]e000: Error 0x80070032: Failed to actually elevate.
[23AC:1D74][2026-10-08T10:23:36]e000: Error 0x80070032: Failed to elevate.
[23AC:1D74][2026-10-08T10:23:36]i399: Apply complete, result: 0x80070032, restart: None, ba requested restart:  No
[23AC:1D74][2026-10-08T10:23:36]i500: Shutting down, exit code: 0x32
[23AC:1D74][2026-10-08T10:23:36]i410: Variable: ActionLikeInstallation = Setup
[23AC:1D74][2026-10-08T10:23:36]i410: Variable: ActionLikeInstalling = Installing
[23AC:1D74][2026-10-08T10:23:36]i410: Variable: AppendPath = 0
[23AC:1D74][2026-10-08T10:23:36]i410: Variable: AssociateFiles = -1
[23AC:1D74][2026-10-08T10:23:36]i410: Variable: BlockedLauncher = 0
[23AC:1D74][2026-10-08T10:23:36]i410: Variable: CompileAll = 0
[23AC:1D74][2026-10-08T10:23:36]i410: Variable: CRTInstalled = 1
[23AC:1D74][2026-10-08T10:23:36]i410: Variable: CustomBrowseButtonState = enabled
[23AC:1D74][2026-10-08T10:23:36]i410: Variable: CustomInstallLauncherAllUsersState = enabled
[23AC:1D74][2026-10-08T10:23:36]i410: Variable: DefaultAllUsersTargetDir = C:\Program Files\Python311
[23AC:1D74][2026-10-08T10:23:36]i410: Variable: DefaultCustomTargetDir = 
[23AC:1D74][2026-10-08T10:23:36]i410: Variable: DefaultJustForMeTargetDir = C:\Users\ASUS\AppData\Local\Programs\Python\Python311
[23AC:1D74][2026-10-08T10:23:36]i410: Variable: DetectedLauncher = 0
[23AC:1D74][2026-10-08T10:23:36]i410: Variable: DetectedOldLauncher = 0
[23AC:1D74][2026-10-08T10:23:36]i410: Variable: Include_core = 1
[23AC:1D74][2026-10-08T10:23:36]i410: Variable: Include_debug = 0
[23AC:1D74][2026-10-08T10:23:36]i410: Variable: Include_dev = 1
[23AC:1D74][2026-10-08T10:23:36]i410: Variable: Include_doc = 1
[23AC:1D74][2026-10-08T10:23:36]i410: Variable: Include_exe = 1
[23AC:1D74][2026-10-08T10:23:36]i410: Variable: Include_launcher = 1
[23AC:1D74][2026-10-08T10:23:36]i410: Variable: Include_launcherState = enabled
[23AC:1D74][2026-10-08T10:23:36]i410: Variable: Include_lib = 1
[23AC:1D74][2026-10-08T10:23:36]i410: Variable: Include_pip = 1
[23AC:1D74][2026-10-08T10:23:36]i410: Variable: Include_symbols = 0
[23AC:1D74][2026-10-08T10:23:36]i410: Variable: Include_tcltk = 1
[23AC:1D74][2026-10-08T10:23:36]i410: Variable: Include_test = 1
[23AC:1D74][2026-10-08T10:23:36]i410: Variable: Include_tools = 1
[23AC:1D74][2026-10-08T10:23:36]i410: Variable: InstallAllUsers = 0
[23AC:1D74][2026-10-08T10:23:36]i410: Variable: InstallAllUsersState = enabled
[23AC:1D74][2026-10-08T10:23:36]i410: Variable: InstallLauncherAllUsers = 1
[23AC:1D74][2026-10-08T10:23:36]i410: Variable: InstallLauncherAllUsersState = enabled
[23AC:1D74][2026-10-08T10:23:36]i410: Variable: LauncherOnly = 0
[23AC:1D74][2026-10-08T10:23:36]i410: Variable: LocalAppDataFolder = C:\Users\ASUS\AppData\Local\
[23AC:1D74][2026-10-08T10:23:36]i410: Variable: OptionalFeaturesRegistryKey = Software\Python\PythonCore\3.11\InstalledFeatures
[23AC:1D74][2026-10-08T10:23:36]i410: Variable: PrependPath = 0
[23AC:1D74][2026-10-08T10:23:36]i410: Variable: ProgramFiles64Folder = C:\Program Files\
[23AC:1D74][2026-10-08T10:23:36]i410: Variable: Shortcuts = 1
[23AC:1D74][2026-10-08T10:23:36]i410: Variable: ShortVersion = 3.11
[23AC:1D74][2026-10-08T10:23:36]i410: Variable: ShortVersionNoDot = 311
[23AC:1D74][2026-10-08T10:23:36]i410: Variable: SimpleInstall = 0
[23AC:1D74][2026-10-08T10:23:36]i410: Variable: SimpleInstallDescription = 
[23AC:1D74][2026-10-08T10:23:36]i410: Variable: TargetDir = C:\Users\ASUS\AppData\Local\Programs\Python\Python311
[23AC:1D74][2026-10-08T10:23:36]i410: Variable: TargetDirRegistryKey = Software\Python\PythonCore\3.11\InstallPath
[23AC:1D74][2026-10-08T10:23:36]i410: Variable: TargetDirState = enabled
[23AC:1D74][2026-10-08T10:23:36]i410: Variable: TargetPlatform = x64
[23AC:1D74][2026-10-08T10:23:36]i410: Variable: WinVer = 3.11
[23AC:1D74][2026-10-08T10:23:36]i410: Variable: WinVerNoDot = 311
[23AC:1D74][2026-10-08T10:23:36]i410: Variable: WixBundleAction = 5
[23AC:1D74][2026-10-08T10:23:36]i410: Variable: WixBundleElevated = 0
[23AC:1D74][2026-10-08T10:23:36]i410: Variable: WixBundleFileVersion = 3.11.9150.0
[23AC:1D74][2026-10-08T10:23:36]i410: Variable: WixBundleInstalled = 0
[23AC:1D74][2026-10-08T10:23:36]i410: Variable: WixBundleLog = C:\Users\ASUS\Desktop\Doc_Query\install.log
[23AC:1D74][2026-10-08T10:23:36]i410: Variable: WixBundleLog_core_JustForMe = C:\Users\ASUS\Desktop\Doc_Query\install_000_core_JustForMe.log
[23AC:1D74][2026-10-08T10:23:36]i410: Variable: WixBundleLog_dev_JustForMe = C:\Users\ASUS\Desktop\Doc_Query\install_002_dev_JustForMe.log
[23AC:1D74][2026-10-08T10:23:36]i410: Variable: WixBundleLog_doc_JustForMe = C:\Users\ASUS\Desktop\Doc_Query\install_005_doc_JustForMe.log
[23AC:1D74][2026-10-08T10:23:36]i410: Variable: WixBundleLog_exe_JustForMe = C:\Users\ASUS\Desktop\Doc_Query\install_001_exe_JustForMe.log
[23AC:1D74][2026-10-08T10:23:36]i410: Variable: WixBundleLog_launcher_AllUsers = C:\Users\ASUS\Desktop\Doc_Query\install_008_launcher_AllUsers.log
[23AC:1D74][2026-10-08T10:23:36]i410: Variable: WixBundleLog_lib_JustForMe = C:\Users\ASUS\Desktop\Doc_Query\install_003_lib_JustForMe.log
[23AC:1D74][2026-10-08T10:23:36]i410: Variable: WixBundleLog_pip_JustForMe = C:\Users\ASUS\Desktop\Doc_Query\install_009_pip_JustForMe.log
[23AC:1D74][2026-10-08T10:23:36]i410: Variable: WixBundleLog_tcltk_JustForMe = C:\Users\ASUS\Desktop\Doc_Query\install_007_tcltk_JustForMe.log
[23AC:1D74][2026-10-08T10:23:36]i410: Variable: WixBundleLog_test_JustForMe = C:\Users\ASUS\Desktop\Doc_Query\install_004_test_JustForMe.log
[23AC:1D74][2026-10-08T10:23:36]i410: Variable: WixBundleLog_tools_JustForMe = C:\Users\ASUS\Desktop\Doc_Query\install_006_tools_JustForMe.log
[23AC:1D74][2026-10-08T10:23:36]i410: Variable: WixBundleManufacturer = Python Software Foundation
[23AC:1D74][2026-10-08T10:23:36]i410: Variable: WixBundleName = Python 3.11.9 (64-bit)
[23AC:1D74][2026-10-08T10:23:36]i410: Variable: WixBundleOriginalSource = C:\Users\ASUS\AppData\Local\Temp\WinGet\Python.Python.3.11.3.11.9\python-3.11.9-amd64.exe
[23AC:1D74][2026-10-08T10:23:36]i410: Variable: WixBundleOriginalSourceFolder = C:\Users\ASUS\AppData\Local\Temp\WinGet\Python.Python.3.11.3.11.9\
[23AC:1D74][2026-10-08T10:23:36]i410: Variable: WixBundleProviderKey = CPython-3.11
[23AC:1D74][2026-10-08T10:23:36]i410: Variable: WixBundleRollbackLog_core_JustForMe = C:\Users\ASUS\Desktop\Doc_Query\install_000_core_JustForMe_rollback.log
[23AC:1D74][2026-10-08T10:23:36]i410: Variable: WixBundleRollbackLog_dev_JustForMe = C:\Users\ASUS\Desktop\Doc_Query\install_002_dev_JustForMe_rollback.log
[23AC:1D74][2026-10-08T10:23:36]i410: Variable: WixBundleRollbackLog_doc_JustForMe = C:\Users\ASUS\Desktop\Doc_Query\install_005_doc_JustForMe_rollback.log
[23AC:1D74][2026-10-08T10:23:36]i410: Variable: WixBundleRollbackLog_exe_JustForMe = C:\Users\ASUS\Desktop\Doc_Query\install_001_exe_JustForMe_rollback.log
[23AC:1D74][2026-10-08T10:23:36]i410: Variable: WixBundleRollbackLog_lib_JustForMe = C:\Users\ASUS\Desktop\Doc_Query\install_003_lib_JustForMe_rollback.log
[23AC:1D74][2026-10-08T10:23:36]i410: Variable: WixBundleRollbackLog_pip_JustForMe = C:\Users\ASUS\Desktop\Doc_Query\install_009_pip_JustForMe_rollback.log
[23AC:1D74][2026-10-08T10:23:36]i410: Variable: WixBundleRollbackLog_tcltk_JustForMe = C:\Users\ASUS\Desktop\Doc_Query\install_007_tcltk_JustForMe_rollback.log
[23AC:1D74][2026-10-08T10:23:36]i410: Variable: WixBundleRollbackLog_test_JustForMe = C:\Users\ASUS\Desktop\Doc_Query\install_004_test_JustForMe_rollback.log
[23AC:1D74][2026-10-08T10:23:36]i410: Variable: WixBundleRollbackLog_tools_JustForMe = C:\Users\ASUS\Desktop\Doc_Query\install_006_tools_JustForMe_rollback.log
[23AC:1D74][2026-10-08T10:23:36]i410: Variable: WixBundleSourceProcessFolder = C:\Users\ASUS\AppData\Local\Temp\WinGet\Python.Python.3.11.3.11.9\
[23AC:1D74][2026-10-08T10:23:36]i410: Variable: WixBundleSourceProcessPath = C:\Users\ASUS\AppData\Local\Temp\WinGet\Python.Python.3.11.3.11.9\python-3.11.9-amd64.exe
[23AC:1D74][2026-10-08T10:23:36]i410: Variable: WixBundleTag = 
[23AC:1D74][2026-10-08T10:23:36]i410: Variable: WixBundleUILevel = 2
[23AC:1D74][2026-10-08T10:23:36]i410: Variable: WixBundleVersion = 3.11.9150.0
[23AC:1D74][2026-10-08T10:23:36]i007: Exit code: 0x32, restarting: No
